// Jest Snapshot v1, https://goo.gl/fbAQLP

exports[`AlertSuccessForm matches Snapshot 1`] = `
<div class="row justify-content-md-center">
  <div role="alert" aria-live="polite" aria-atomic="true" class="alert alert-success">
    <!---->Form Submitted!
  </div>
</div>
`;
