// Jest Snapshot v1, https://goo.gl/fbAQLP

exports[`Headline.vue matches Snapshot 1`] = `
<div>
  <h1 id="headline" class="pb-2 mt-4 mb-2 border-bottom"></h1>
</div>
`;
